 TUNE_CLONE is set to non-default value: 'ech_temp'.
 Cloned SO_FAR from file ech_temp.
 TUNE_CLONE is set to non-default value: 'ech_temp'.
 ---------------------------------------------------------------------------
 Copying results of:     Determine dekker/object extent. (ECH_SPATIAL)

 Cloned CONTIN_PROFILE[1,1] from file ech_temp.
 Cloned DEK_ABOVE[1] from file ech_temp.
 Cloned DEK_BELOW[1] from file ech_temp.
 Cloned OBJ_MASK[1,1] from file ech_temp.
 Cloned SKY_MASK[1,1] from file ech_temp.
 TUNE_DEKABV is set to non-default value: 9.
 TUNE_DEKBLW is set to non-default value: -9.
 TUNE_DEKTHR is set to non-default value: 0.2.
 TUNE_SKYHILIM is set to non-default value: 1.05.
 Cloned OBJ_MASK[1,1] from file ech_temp.
 Cloned OBJECT_PROFILE[1,1] from file ech_temp.
 Cloned SKY_MASK[1,1] from file ech_temp.
 TUNE_DEKTHR is set to non-default value: 0.2.
 TUNE_OBJABV is set to non-default value: 3.
 TUNE_OBJBLW is set to non-default value: -7.
 TUNE_SKYHILIM is set to non-default value: 1.05.
 ---------------------------------------------------------------------------


ECH_COPY.MORE.ECHELLE  <ECH_RDCTN>

   SO_FAR         <_INTEGER>      4
   NX_PIXELS      <_INTEGER>      2040
   NO_OF_ARCS     <_INTEGER>      1
   NY_PIXELS      <_INTEGER>      76
   ORDER_SLOPE    <_REAL>         0
   NO_OF_ORDERS   <_INTEGER>      3
   TRACE_WIDTH    <_INTEGER>      12
   ORDER_YPOS(3)  <_INTEGER>      15,38,61
   ARC            <_CHAR*80>      'UNINITIALISED'
   FFIELD         <_CHAR*80>      'UNINITIALISED'
   INPTIM         <_CHAR*80>      'UNINITIALISED'
   OBJECT         <_CHAR*80>      'UNINITIALISED'
   SLITIM         <_CHAR*80>      'UNINITIALISED'
   STAR           <_CHAR*80>      'UNINITIALISED'
   TRACIM         <_CHAR*80>      'UNINITIALISED'
   TRC_POLY(50,3)  <_DOUBLE>      11.0535391091726,0.02754377153363,
    -0.00006505103194,0.00000006928949,-0.0000000000311,
    2.36977244156453D-15,1.27572986359982D-18,0,0,0,0,0,0,0,0,0,0,0,0,0,0,
    0,0,0,0,0,0,0,0,0,0,0,0,0,0,0,0,0,0,0,0,0,0,0,0,0,0,0,0,0,
    ... 0,0,0,0,0,0,0,0,0,0,0,0,0,0,0,0,0,0,0,0,0,0,0,0,0,0,0,0,0,0,0,0,0,0,0
   TRACE(2040,3)  <_REAL>         *,*,*,*,*,*,*,*,11.16466,*,*,*,*,*,*,*,
    *,*,11.24156,*,*,*,*,*,*,*,*,*,12.07201,*,*,*,*,*,*,*,*,*,12.08419,*,
    *,*,*,*,*,*,*,*,12.09949,*,*,*,*,*,*,*,*,*,12.17414,*,*,*,*,*,*,*,*,*,
    12.46658,*,*,*,*,*,*,*,*,*,*,*,*,*,*,*,*,*,*,*,13.48711,*,*,*,*,*,*,*,
    *,*,*,*,*,*,*,*,64.29067,*,*,*,*,*,*,*,*,*,64.3588,*,*,*,*,*,*,*,*,*,*
   TRC_IN_DEV(2040,3)  <_REAL>    *,*,*,*,*,*,*,*,-0.131154,*,*,*,*,*,*,*,
    *,*,-0.299965,*,*,*,*,*,*,*,*,*,0.29589,*,*,*,*,*,*,*,*,*,0.08423,*,*,
    *,*,*,*,*,*,*,-0.113883,*,*,*,*,*,*,*,*,*,-0.242551,*,*,*,*,*,*,*,*,*,
    -0.143661,*,*,*,*,*,*,*,*,*,-0.471996,*,*,*,*,*,*,*,*,*,0.517773,*,*,
    *,*,*,*,*,*,*,0.319633,*,*,*,*,*,*,*,*,*,0.041298,*,*,*,*,*,*,*,*,*,*
   TRC_CLIPPED(3)  <_INTEGER>     27,20,13
   TRC_OUT_DEV(2040,3)  <_REAL>   *,*,*,*,*,*,*,*,-0.131558,*,*,*,*,*,*,*,
    *,*,-0.312303,*,*,*,*,*,*,*,*,*,0.272744,*,*,*,*,*,*,*,*,*,0.051349,*,
    *,*,*,*,*,*,*,*,-0.155482,*,*,*,*,*,*,*,*,*,-0.291897,*,*,*,*,*,*,*,*,
    *,-0.199829,*,*,*,*,*,*,*,*,*,*,*,*,*,*,*,*,*,*,*,0.450539,*,*,*,*,*,
    *,*,*,*,*,*,*,0.322388,*,*,*,*,*,*,*,*,*,0.047523,*,*,*,*,*,*,*,*,*,*
   CONTIN_PROFILE(301,3)  <_REAL>   0,0,0,0,0,0,0,0,0,0,0,0,0,0,0,0,0,0,0,
    0,0,0,0,0,0,0,0,0,0,0,0,0,0,0,0,0,0,0,0,0,0,0,0,0,0,0,0,0,0,0,0,0,0,0,
    0,0,0,0,0,0,0,0,0,0,0,0,0,0,0,0,0,0,0,0,0,0,0,0,0,0,0,0,0,0,0,0,0,0,0,
    0,100.0372,100.2269,100.8348,102.0088,104.8341,111.6593,122.344,
    ... 0,0,0,0,0,0,0,0,0,0,0,0,0,0,0,0,0,0,0,0,0,0,0,0,0,0,0,0,0,0,0,0,0,0,0
   DEK_ABOVE(3)   <_INTEGER>      9,9,9
   DEK_BELOW(3)   <_INTEGER>      -9,-9,-9
   OBJ_MASK(21,3)  <_INTEGER>     0,0,1,1,1,1,1,1,1,1,1,1,0,0,0,0,0,0,0,0,
    0,0,0,1,1,1,1,1,1,1,1,1,1,0,0,0,0,0,0,0,0,0,0,0,1,1,1,1,1,1,1,1,1,1,0,
    0,0,0,0,0,0,0,0
   SKY_MASK(21,3)  <_INTEGER>     1,1,0,0,0,0,0,0,0,0,0,0,1,1,1,1,1,1,1,1,
    1,1,1,0,0,0,0,0,0,0,0,0,0,1,1,1,1,1,1,1,1,1,1,1,0,0,0,0,0,0,0,0,0,0,1,
    1,1,1,1,1,1,1,1
   OBJECT_PROFILE(301,3)  <_REAL>   0,0,0,0,0,0,0,0,0,0,0,0,0,0,0,0,0,0,0,
    0,0,0,0,0,0,0,0,0,0,0,0,0,0,0,0,0,0,0,0,0,0,0,0,0,0,0,0,0,0,0,0,0,0,0,
    0,0,0,0,0,0,0,0,0,0,0,0,0,0,0,1.5674,1.532278,1.504316,1.451715,
    1.384955,1.319632,1.313093,1.335184,1.339668,1.329835,1.264956,
    ... 0,0,0,0,0,0,0,0,0,0,0,0,0,0,0,0,0,0,0,0,0,0,0,0,0,0,0,0,0,0,0,0,0,0,0

End of Trace.

