 ---------------------------------------------------------------------------
 Starting processing task:     Model flat field.                (ECH_FFIELD)

 Processing order 1...
 Balance factors calculated from local slopes.
 Balance model contained no non-positive pixels.
 Balance model contained no very deviant pixels.
 Processing order 2...
 Balance factors calculated from local slopes.
 Balance model contained no non-positive pixels.
 Balance model contained no very deviant pixels.
 Processing order 3...
 Balance factors calculated from local slopes.
 Balance model contained no non-positive pixels.
 Balance model contained no very deviant pixels.
 ---------------------------------------------------------------------------

