 ---------------------------------------------------------------------------
 Starting processing task:     Model flat field.                (ECH_FFIELD)

 TUNE_FFLSMP is set to non-default value: 31.
 TUNE_FFNXPLY is set to non-default value: 0.
 Processing order 1...
 Balance factors all set to unity.
 TUNE_FFLSMP is set to non-default value: 31.
 TUNE_FFNXPLY is set to non-default value: 0.
 Processing order 2...
 Balance factors all set to unity.
 TUNE_FFLSMP is set to non-default value: 31.
 TUNE_FFNXPLY is set to non-default value: 0.
 Processing order 3...
 Balance factors all set to unity.
 ---------------------------------------------------------------------------

