 ---------------------------------------------------------------------------
 Starting processing task:     Model sky.                          (ECH_SKY)

 TUNE_SKYPOLY is set to non-default value: 3.
 TUNE_SKYRTHR is set to non-default value: 100.
 TUNE_SKYXPLY is set to non-default value: 5.
 Processing order 1...
 Wavelength-dependent modelling of sky at 9 pixels below trace.
 Cycle 0: RMS=0.8765175, (sigma) rejects: 0.
 Wavelength-dependent modelling of sky at 2 pixels above trace.
 Cycle 0: RMS=1.332814, (sigma) rejects: 0.
 Wavelength-dependent modelling of sky at 3 pixels above trace.
 Cycle 0: RMS=1.348595, (sigma) rejects: 0.
 Wavelength-dependent modelling of sky at 4 pixels above trace.
 Cycle 0: RMS=1.344486, (sigma) rejects: 0.
 Wavelength-dependent modelling of sky at 5 pixels above trace.
 Cycle 0: RMS=1.357984, (sigma) rejects: 0.
 Wavelength-dependent modelling of sky at 6 pixels above trace.
 Cycle 0: RMS=1.248259, (sigma) rejects: 0.
 Wavelength-dependent modelling of sky at 7 pixels above trace.
 Cycle 0: RMS=1.301782, (sigma) rejects: 0.
 Wavelength-dependent modelling of sky at 8 pixels above trace.
 Cycle 0: RMS=1.375803, (sigma) rejects: 0.
 Wavelength-dependent modelling of sky at 9 pixels above trace.
 Cycle 0: RMS=1.077673, (sigma) rejects: 0.
 At X=200 sky=0.975, RMS=0.408, 0 rejects=0% of total.
 At X=400 sky=2.161, RMS=0.989, 0 rejects=0% of total.
 At X=600 sky=1.179, RMS=0.822, 0 rejects=0% of total.
 At X=800 sky=1.616, RMS=1.004, 0 rejects=0% of total.
 At X=1000 sky=1.893, RMS=0.323, 0 rejects=0% of total.
 At X=1200 sky=1.193, RMS=0.99, 0 rejects=0% of total.
 At X=1400 sky=0.951, RMS=1, 0 rejects=0% of total.
 At X=1600 sky=1.125, RMS=0.535, 0 rejects=0% of total.
 At X=1800 sky=1.068, RMS=0.985, 0 rejects=0% of total.
 At X=2000 sky=1.104, RMS=0.968, 0 rejects=0% of total.
 Mean fits/Col: 2.
 Average RMS=0.775, 0 rejects=0% of total.
 TUNE_SKYPOLY is set to non-default value: 3.
 TUNE_SKYRTHR is set to non-default value: 100.
 TUNE_SKYXPLY is set to non-default value: 5.
 Processing order 2...
 Wavelength-dependent modelling of sky at 9 pixels below trace.
 Cycle 0: RMS=0.9318292, (sigma) rejects: 0.
 Wavelength-dependent modelling of sky at 2 pixels above trace.
 Cycle 0: RMS=1.385956, (sigma) rejects: 0.
 Wavelength-dependent modelling of sky at 3 pixels above trace.
 Cycle 0: RMS=1.289985, (sigma) rejects: 0.
 Wavelength-dependent modelling of sky at 4 pixels above trace.
 Cycle 0: RMS=1.247053, (sigma) rejects: 0.
 Wavelength-dependent modelling of sky at 5 pixels above trace.
 Cycle 0: RMS=1.4096, (sigma) rejects: 0.
 Wavelength-dependent modelling of sky at 6 pixels above trace.
 Cycle 0: RMS=1.299166, (sigma) rejects: 0.
 Wavelength-dependent modelling of sky at 7 pixels above trace.
 Cycle 0: RMS=1.441147, (sigma) rejects: 0.
 Wavelength-dependent modelling of sky at 8 pixels above trace.
 Cycle 0: RMS=1.307635, (sigma) rejects: 0.
 Wavelength-dependent modelling of sky at 9 pixels above trace.
 Cycle 0: RMS=1.065765, (sigma) rejects: 0.
 At X=200 sky=1.107, RMS=0.896, 0 rejects=0% of total.
 At X=400 sky=2.121, RMS=0.896, 0 rejects=0% of total.
 At X=600 sky=1.698, RMS=0.817, 0 rejects=0% of total.
 At X=800 sky=1.175, RMS=1.527, 0 rejects=0% of total.
 At X=1000 sky=1.054, RMS=0.761, 0 rejects=0% of total.
 At X=1200 sky=2.279, RMS=0.978, 0 rejects=0% of total.
 At X=1400 sky=1.221, RMS=0.909, 0 rejects=0% of total.
 At X=1600 sky=1.36, RMS=1, 0 rejects=0% of total.
 At X=1800 sky=1.437, RMS=0.385, 0 rejects=0% of total.
 At X=2000 sky=1.251, RMS=0.994, 0 rejects=0% of total.
 Mean fits/Col: 2.
 Average RMS=0.785, 0 rejects=0% of total.
 TUNE_SKYPOLY is set to non-default value: 3.
 TUNE_SKYRTHR is set to non-default value: 100.
 TUNE_SKYXPLY is set to non-default value: 5.
 Processing order 3...
 Wavelength-dependent modelling of sky at 9 pixels below trace.
 Cycle 0: RMS=0.9662561, (sigma) rejects: 0.
 Wavelength-dependent modelling of sky at 2 pixels above trace.
 Cycle 0: RMS=1.396876, (sigma) rejects: 0.
 Wavelength-dependent modelling of sky at 3 pixels above trace.
 Cycle 0: RMS=1.37044, (sigma) rejects: 0.
 Wavelength-dependent modelling of sky at 4 pixels above trace.
 Cycle 0: RMS=1.479983, (sigma) rejects: 0.
 Wavelength-dependent modelling of sky at 5 pixels above trace.
 Cycle 0: RMS=1.332415, (sigma) rejects: 0.
 Wavelength-dependent modelling of sky at 6 pixels above trace.
 Cycle 0: RMS=1.344095, (sigma) rejects: 0.
 Wavelength-dependent modelling of sky at 7 pixels above trace.
 Cycle 0: RMS=1.336812, (sigma) rejects: 0.
 Wavelength-dependent modelling of sky at 8 pixels above trace.
 Cycle 0: RMS=1.322923, (sigma) rejects: 0.
 Wavelength-dependent modelling of sky at 9 pixels above trace.
 Cycle 0: RMS=1.113229, (sigma) rejects: 0.
 At X=200 sky=1.452, RMS=0.652, 0 rejects=0% of total.
 At X=400 sky=1.638, RMS=1.075, 0 rejects=0% of total.
 At X=600 sky=2.105, RMS=0.928, 0 rejects=0% of total.
 At X=800 sky=2.01, RMS=0.52, 0 rejects=0% of total.
 At X=1000 sky=1.517, RMS=0.996, 0 rejects=0% of total.
 At X=1200 sky=1.732, RMS=0.495, 0 rejects=0% of total.
 At X=1400 sky=1.572, RMS=0.583, 0 rejects=0% of total.
 At X=1600 sky=1.285, RMS=0.702, 0 rejects=0% of total.
 At X=1800 sky=1.287, RMS=0.984, 0 rejects=0% of total.
 At X=2000 sky=0.56, RMS=0.999, 0 rejects=0% of total.
 Mean fits/Col: 2.
 Average RMS=9.865, 0 rejects=0% of total.
 ---------------------------------------------------------------------------

