 ---------------------------------------------------------------------------
 Starting processing task:     Locate arc line candidates.      (ECH_LINLOC)

 Processing reference frame 1...
 Reference line FWHM estimated at 5.6 pixels.
 Processing reference frame 1...
 Order 1: located 126 line candidates.
 Order 2: located 130 line candidates.
 Order 3: located 122 line candidates.
 ---------------------------------------------------------------------------

